+-----+-----+-----+-----+-----+
|HAJBP|7C1MO|E4KN2|5LDFG|I9368|
|97D3E|FJIN8|6OLH5|142PC|AGKMB|
|56KGF|LB9EP|J813D|HNMIA|247CO|
|1OIC4|5GAH2|7B9MP|E38K6|JDLFN|
|M2L8N|D6K43|GCIAF|97JOB|P1H5E|
+-----+-----+-----+-----+-----+
|A1OMJ|3NEBC|FG8L4|P9625|DKIH7|
|48FK9|P15AD|MECOJ|3BIH7|62NGL|
|NGPIH|OF76J|9AD2B|KMLCE|35841|
|B57DC|GLH2I|K3N16|OJF48|MEAP9|
|2LE63|4K89M|I75PH|A1GDN|BFJOC|
+-----+-----+-----+-----+-----+
|LM8NA|93J7E|1KBFG|2CP5O|HI6D4|
|J45O1|BM28N|LH7DC|6EA9I|G3FKP|
|IE39D|A5CLH|86PJN|7FKG4|OM1B2|
|GF276|I4P1K|5MO93|BHNJD|C8ELA|
|CPBHK|6ODGF|42EIA|M813L|NJ975|
+-----+-----+-----+-----+-----+
|3KH2M|CEGP6|ONFB8|4A5LJ|17D9I|
|PNC57|8DM31|2IAK9|FOE6H|4LBJG|
|D9ALO|K24I5|HPJ71|NG3BM|E6C8F|
|FJ14B|NHLO9|D5G6E|8IC72|KPMA3|
|8I6EG|JABF7|3L4CM|DP91K|5O2NH|
+-----+-----+-----+-----+-----+
|OC4J2|MPFDA|N13E7|G6B89|LH5IK|
|7HNFL|286KB|PDMGI|C54E3|9AO1J|
|63GA8|19OC4|BJ25L|IKHMF|7NPED|
|ED9PI|H7N5L|CF64K|J2OA1|8BG3M|
|KBM15|EI3JG|A9H8O|LD7NP|FC426|
+-----+-----+-----+-----+-----+
